ERREUR : Options invalides ! Relancer l'application...
