Dot-file out.dot generated
WARNING : only hits between 12 and 13 have been taken into account
/temps (4 hits)
/page3.html (1 hits)
/page2.html (1 hits)
/mon_gif.gif (1 hits)
/image.jpg (1 hits)
