Top 10 dans un crÃ©neau horaire sans les extensions : 
/temps (4 hits)
/page3.html (1 hits)
/page2.html (1 hits)
