ERREUR : L'option -g doit Ãªtre mise en dernier ! Relancer l'application...
