Top 10 : 
/page2.html (2 hits)
/script.js (1 hits)
/photo.psd (1 hits)
/page1.html (1 hits)
/mongif.gif (1 hits)
/image3.jpeg (1 hits)
/image2.ico (1 hits)
/image.jpg (1 hits)
