ERREUR : Mise en forme du fichier non valide à la ligne 3. Elle n'est pas prise en compte.
ERREUR : Ligne vide à la ligne 6. Elle n'est pas prise en compte.
ERREUR : Mise en forme du fichier non valide à la ligne 8. Elle n'est pas prise en compte.
ERREUR : Ligne vide à la ligne 11. Elle n'est pas prise en compte.
ERREUR : Mise en forme du fichier non valide à la ligne 13. Elle n'est pas prise en compte.
ERREUR : Ligne vide à la ligne 15. Elle n'est pas prise en compte.
