Top 10 dans un cr√©neau horaire : 
/temps (4 hits)
/page3.html (1 hits)
/page2.html (1 hits)
/mon_gif.gif (1 hits)
/image.jpg (1 hits)
