Top 10 sans extensions : 
/page2.html (2 hits)
/page3.html (1 hits)
/page1.html (1 hits)
